clang -I include -Wall -Wextra -O1 -fdiagnostics-color=never -Wno-error=implicit-function-declaration -Wno-error=implicit-int -Wno-error=int-conversion -c src\file01.c -o file01.o
src\file01.c:4:9: warning: unused variable 'unused_a' [-Wunused-variable]
    4 |     int unused_a;          /* -Wunused-variable */
      |         ^~~~~~~~
src\file01.c:5:9: warning: variable 'set_b' set but not used [-Wunused-but-set-variable]
    5 |     int set_b = 3;         /* -Wunused-but-set-variable */
      |         ^
In file included from src\file01.c:1:
include/common.h:5:12: warning: unused function 'helper_unused' [-Wunused-function]
    5 | static int helper_unused(void)
      |            ^~~~~~~~~~~~~
3 warnings generated.
clang -I include -Wall -Wextra -O1 -fdiagnostics-color=never -Wno-error=implicit-function-declaration -Wno-error=implicit-int -Wno-error=int-conversion -c src\file02.c -o file02.o
src\file02.c:6:19: warning: comparison of integers of different signs: 'int' and 'unsigned int' [-Wsign-compare]
    6 |     for (i = 0; i < n; i++) {   /* -Wsign-compare */
      |                 ~ ^ ~
In file included from src\file02.c:1:
include/common.h:5:12: warning: unused function 'helper_unused' [-Wunused-function]
    5 | static int helper_unused(void)
      |            ^~~~~~~~~~~~~
2 warnings generated.
clang -I include -Wall -Wextra -O1 -fdiagnostics-color=never -Wno-error=implicit-function-declaration -Wno-error=implicit-int -Wno-error=int-conversion -c src\file03.c -o file03.o
src\file03.c:3:12: warning: call to undeclared function 'do_thing'; ISO C99 and later do not support implicit function declarations [-Wimplicit-function-declaration]
    3 |     return do_thing(5);    /* -Wimplicit-function-declaration */
      |            ^
1 warning generated.
clang -I include -Wall -Wextra -O1 -fdiagnostics-color=never -Wno-error=implicit-function-declaration -Wno-error=implicit-int -Wno-error=int-conversion -c src\file04.c -o file04.o
src\file04.c:2:12: warning: unused function 'never_called' [-Wunused-function]
    2 | static int never_called(void)    { return 0; }   /* -Wunused-function */
      |            ^~~~~~~~~~~~
1 warning generated.
clang -I include -Wall -Wextra -O1 -fdiagnostics-color=never -Wno-error=implicit-function-declaration -Wno-error=implicit-int -Wno-error=int-conversion -c src\file05.c -o file05.o
src\file05.c:1:23: warning: unused parameter 'ignored' [-Wunused-parameter]
    1 | int f05(int used, int ignored)   /* -Wunused-parameter: ignored */
      |                       ^
1 warning generated.
clang -I include -Wall -Wextra -O1 -fdiagnostics-color=never -Wno-error=implicit-function-declaration -Wno-error=implicit-int -Wno-error=int-conversion -c src\file06.c -o file06.o
src\file06.c:7:1: warning: non-void function does not return a value in all control paths [-Wreturn-type]
    7 | }
      | ^
1 warning generated.
clang -I include -Wall -Wextra -O1 -fdiagnostics-color=never -Wno-error=implicit-function-declaration -Wno-error=implicit-int -Wno-error=int-conversion -c src\file07.c -o file07.o
src\file07.c:4:9: warning: variable 'v' is used uninitialized whenever 'if' condition is false [-Wsometimes-uninitialized]
    4 |     if (c) {
      |         ^
src\file07.c:7:12: note: uninitialized use occurs here
    7 |     return v;              /* -Wmaybe-uninitialized (needs -O1+) */
      |            ^
src\file07.c:4:5: note: remove the 'if' if its condition is always true
    4 |     if (c) {
      |     ^~~~~~
src\file07.c:3:10: note: initialize the variable 'v' to silence this warning
    3 |     int v;
      |          ^
      |           = 0
1 warning generated.
clang -I include -Wall -Wextra -O1 -fdiagnostics-color=never -Wno-error=implicit-function-declaration -Wno-error=implicit-int -Wno-error=int-conversion -c src\file08.c -o file08.o
src\file08.c:4:20: warning: format specifies type 'int' but the argument has type 'char *' [-Wformat]
    4 |     printf("%d\n", "not an int");   /* -Wformat */
      |             ~~     ^~~~~~~~~~~~
      |             %s
1 warning generated.
clang -I include -Wall -Wextra -O1 -fdiagnostics-color=never -Wno-error=implicit-function-declaration -Wno-error=implicit-int -Wno-error=int-conversion -c src\file09.c -o file09.o
src\file09.c:3:11: warning: using the result of an assignment as a condition without parentheses [-Wparentheses]
    3 |     if (a = b) {           /* -Wparentheses */
      |         ~~^~~
src\file09.c:3:11: note: place parentheses around the assignment to silence this warning
    3 |     if (a = b) {           /* -Wparentheses */
      |           ^  
      |         (    )
src\file09.c:3:11: note: use '==' to turn this assignment into an equality comparison
    3 |     if (a = b) {           /* -Wparentheses */
      |           ^
      |           ==
1 warning generated.
clang -I include -Wall -Wextra -O1 -fdiagnostics-color=never -Wno-error=implicit-function-declaration -Wno-error=implicit-int -Wno-error=int-conversion -c src\file10.c -o file10.o
src\file10.c:3:15: warning: if statement has empty body [-Wempty-body]
    3 |     if (x > 0);            /* -Wempty-body */
      |               ^
src\file10.c:3:15: note: put the semicolon on a separate line to silence this warning
1 warning generated.
clang -I include -Wall -Wextra -O1 -fdiagnostics-color=never -Wno-error=implicit-function-declaration -Wno-error=implicit-int -Wno-error=int-conversion -c src\foo.c -o foo.o
In file included from src\foo.c:1:
include/bad.h:1:41: warning: unused variable 'x' [-Wunused-variable]
    1 | static int unused_in_header(void) { int x; return 0; }   /* -Wunused-variable */
      |                                         ^
src\foo.c:5:12: warning: call to undeclared function 'undeclared_func'; ISO C99 and later do not support implicit function declarations [-Wimplicit-function-declaration]
    5 |     return undeclared_func();       /* -Wimplicit-function-declaration */
      |            ^
In file included from src\foo.c:1:
include/bad.h:1:12: warning: unused function 'unused_in_header' [-Wunused-function]
    1 | static int unused_in_header(void) { int x; return 0; }   /* -Wunused-variable */
      |            ^~~~~~~~~~~~~~~~
3 warnings generated.
